python : Traceback (most 
recent call last):
At line:1 char:1
+ python 
test_qr_workflow.py > 
test_output.txt 2>&1
+ ~~~~~~~~~~~~~~~~~~~~~~~
~~~~~~~~~~~~~~~~~~~~~~~~~
~
    + CategoryInfo       
       : NotSpecified:   
  (Traceback (most rec   
 ent call last)::Stri    
ng) [], RemoteExcept    
ion
    + FullyQualifiedErro 
   rId : NativeCommandE  
  rror
 
  File "D:\K_P_Project\At
tendance-qqqq\Attendance-
Qr-Application\backend\te
st_qr_workflow.py", line 
334, in <module>
    main()
    ~~~~^^
  File "D:\K_P_Project\At
tendance-qqqq\Attendance-
Qr-Application\backend\te
st_qr_workflow.py", line 
286, in main
    print("\n" + 
"\u2588"*60)
    ~~~~~^^^^^^^^^^^^^^^
  File "C:\Users\Karan Mi
nj\AppData\Local\Programs
\Python\Python314\Lib\enc
odings\cp1252.py", line 
19, in encode
    return codecs.charmap
_encode(input,self.errors
,encoding_table)[0]
           ~~~~~~~~~~~~~~
~~~~~~~^^^^^^^^^^^^^^^^^^
^^^^^^^^^^^^^^^^
UnicodeEncodeError: 
'charmap' codec can't 
encode characters in 
position 2-61: character 
maps to <undefined>
